
获取 Git 仓库

有两种取得 Git 项目仓库的方法。 第一种是在现有项目或目录下导入所有文件到 Git 中； 第二种是从一个服务器克隆一个现有的 Git 仓库。

git clone https://github.com/libgit2/libgit2 mylibgit

Git 支持多种数据传输协议。 上面的例子使用的是 https:// 协议，不过你也可以使用 git:// 协议或者使用 SSH 传输协议，比如 user@server:path/to/repo.git 。 在服务器上搭建 Git 将会介绍所有这些协议在服务器端如何配置使用，以及各种方式之间的利弊。



请记住，你工作目录下的每一个文件都不外乎这两种状态：已跟踪或未跟踪。 已跟踪的文件是指那些被纳入了版本控制的文件，在上一次快照中有它们的记录，在工作一段时间后，它们的状态可能处于未修改，已修改或已放入暂存区。 工作目录中除已跟踪文件以外的所有其它文件都属于未跟踪文件，它们既不存在于上次快照的记录中，也没有放入暂存区。 （  ？？？ ）




检查当前文件状态

git status



现在，让我们在项目下创建一个新的 README 文件。 如果之前并不存在这个文件，使用 git status 命令，你将看到一个新的未跟踪文件：

$ echo 'My Project' > README
$ git status
On branch master
Untracked files:
  (use "git add <file>..." to include in what will be committed)

    README

nothing added to commit but untracked files present (use "git add" to track)
在状态报告中可以看到新建的 README 文件出现在 Untracked files 下面。 未跟踪的文件意味着 Git 在之前的快照（提交）中没有这些文件；Git 不会自动将之纳入跟踪范围，




跟踪新文件
使用命令 git add 开始跟踪一个文件。 所以，要跟踪 README 文件，运行：

$ git add README
此时再运行 git status 命令，会看到 README 文件已被跟踪，并处于暂存状态：

$ git status
On branch master
Changes to be committed:
  (use "git reset HEAD <file>..." to unstage)

    new file:   README
只要在 Changes to be committed 这行下面的，就说明是已暂存状态。 如果此时提交，那么该文件此时此刻的版本将被留存在历史记录中。 




暂存已修改文件
现在我们来修改一个已被跟踪的文件。 如果你修改了一个名为 CONTRIBUTING.md 的已被跟踪的文件，然后运行 git status 命令，会看到下面内容：

$ git status
On branch master
Changes to be committed:
  (use "git reset HEAD <file>..." to unstage)

    new file:   README

Changes not staged for commit:
  (use "git add <file>..." to update what will be committed)
  (use "git checkout -- <file>..." to discard changes in working directory)

    modified:   CONTRIBUTING.md
文件 CONTRIBUTING.md 出现在 Changes not staged for commit 这行下面，说明已跟踪文件的内容发生了变化，但还没有放到暂存区。 要暂存这次更新，需要运行 git add 命令。 这是个多功能命令：可以用它开始跟踪新文件，或者把已跟踪的文件放到暂存区，还能用于合并时把有冲突的文件标记为已解决状态等。 将这个命令理解为“添加内容到下一次提交中”而不是“将一个文件添加到项目中”要更加合适。




现在让我们运行 git add 将"CONTRIBUTING.md"放到暂存区，然后再看看 git status 的输出：

$ git add CONTRIBUTING.md
$ git status
On branch master
Changes to be committed:
  (use "git reset HEAD <file>..." to unstage)

    new file:   README
    modified:   CONTRIBUTING.md
现在两个文件都已暂存，下次提交时就会一并记录到仓库。



假设此时，你想要在 CONTRIBUTING.md 里再加条注释， 重新编辑存盘后，准备好提交。 不过且慢，再运行 git status 看看：

$ vim CONTRIBUTING.md
$ git status
On branch master
Changes to be committed:
  (use "git reset HEAD <file>..." to unstage)

    new file:   README
    modified:   CONTRIBUTING.md

Changes not staged for commit:
  (use "git add <file>..." to update what will be committed)
  (use "git checkout -- <file>..." to discard changes in working directory)

    modified:   CONTRIBUTING.md
怎么回事？ 现在 CONTRIBUTING.md 文件同时出现在暂存区和非暂存区。 这怎么可能呢？ 好吧，实际上 Git 只不过暂存了你运行 git add 命令时的版本， 如果你现在提交，CONTRIBUTING.md 的版本是你最后一次运行 git add 命令时的那个版本，而不是你运行 git commit 时，在工作目录中的当前版本。 所以，运行了 git add 之后又作了修订的文件，需要重新运行 git add 把最新版本重新暂存




状态简览
git status 命令的输出十分详细，但其用语有些繁琐。 如果你使用 git status -s 命令或 git status --short 命令，你将得到一种更为紧凑的格式输出。 运行 git status -s ，状态报告输出如下：




忽略文件
一般我们总会有些文件无需纳入 Git 的管理，也不希望它们总出现在未跟踪文件列表。 通常都是些自动生成的文件，比如日志文件，或者编译过程中创建的临时文件等。 在这种情况下，我们可以创建一个名为 .gitignore 的文件，列出要忽略的文件模式。 来看一个实际的例子：


$ cat .gitignore
*.[oa]
*~
第一行告诉 Git 忽略所有以 .o 或 .a 结尾的文件。一般这类对象文件和存档文件都是编译过程中出现的。 第二行告诉 Git 忽略所有以波浪符（~）结尾的文件，许多文本编辑软件（比如 Emacs）都用这样的文件名保存副本。 此外，你可能还需要忽略 log，tmp 或者 pid 目录，以及自动生成的文档等等。 要养成一开始就设置好 .gitignore 文件的习惯，以免将来误提交这类无用的文件。



git diff

此命令比较的是工作目录中当前文件和暂存区域快照之间的差异， 也就是修改之后还没有暂存起来的变化内容。



若要查看已暂存的将要添加到下次提交里的内容，可以用 git diff --cached 命令。（Git 1.6.1 及更高版本还允许使用 git diff --staged，效果是相同的，但更好记些。）


请注意，git diff 本身只显示尚未暂存的改动，而不是自上次提交以来所做的所有改动。 所以有时候你一下子暂存了所有更新过的文件后，运行 git diff 后却什么也没有，就是这个原因。

提交更新
现在的暂存区域已经准备妥当可以提交了。 在此之前，请一定要确认还有什么修改过的或新建的文件还没有 git add 过，否则提交的时候不会记录这些还没暂存起来的变化。 这些修改过的文件只保留在本地磁盘。 所以，每次准备提交前，先用 git status 看下，是不是都已暂存起来了， 然后再运行提交命令 git commit：

$ git commit


跳过使用暂存区域
尽管使用暂存区域的方式可以精心准备要提交的细节，但有时候这么做略显繁琐。 Git 提供了一个跳过使用暂存区域的方式， 只要在提交的时候，给 git commit 加上 -a 选项，Git 就会自动把所有已经跟踪过的文件暂存起来一并提交，从而跳过 git add 步骤：




git commit -a -m 'added new benchmarks'

移除文件
要从 Git 中移除某个文件，就必须要从已跟踪文件清单中移除（确切地说，是从暂存区域移除），然后提交。 可以用 git rm 命令完成此项工作，并连带从工作目录中删除指定的文件，这样以后就不会出现在未跟踪文件清单中了。


下一次提交时，该文件就不再纳入版本管理了。 如果删除之前修改过并且已经放到暂存区域的话，则必须要用强制删除选项 -f（译注：即 force 的首字母）。 这是一种安全特性，用于防止误删还没有添加到快照的数据，这样的数据不能被 Git 恢复。



另外一种情况是，我们想把文件从 Git 仓库中删除（亦即从暂存区域移除），但仍然希望保留在当前工作目录中。 换句话说，你想让文件保留在磁盘，但是并不想让 Git 继续跟踪。 当你忘记添加 .gitignore 文件，不小心把一个很大的日志文件或一堆 .a 这样的编译生成文件添加到暂存区时，这一做法尤其有用。 为达到这一目的，使用 --cached 选项：

$ git rm --cached README
git rm 命令后面可以列出文件或者目录的名字，也可以使用 glob 模式。 比方说：

$ git rm log/\*.log
注意到星号 * 之前的反斜杠 \， 因为 Git 有它自己的文件模式扩展匹配方式，所以我们不用 shell 来帮忙展开。 此命令删除 log/ 目录下扩展名为 .log 的所有文件。 类似的比如：

$ git rm \*~
该命令为删除以 ~ 结尾的所有文件。




移动文件
不像其它的 VCS 系统，Git 并不显式跟踪文件移动操作。 如果在 Git 中重命名了某个文件，仓库中存储的元数据并不会体现出这是一次改名操作。 不过 Git 非常聪明，它会推断出究竟发生了什么，至于具体是如何做到的，我们稍后再谈。

既然如此，当你看到 Git 的 mv 命令时一定会困惑不已。 要在 Git 中对文件改名，可以这么做：

$ git mv file_from file_to




















